
===== run 2026-05-12T22:08:57Z shard=0/2 batch_size=20 (https://github.com/Olbrasoft/prehrajto-to-prehrajto/actions/runs/25765122007) =====
[22:08:59] batch-start shard=0/2 count=20 backlog=17650 uploads=421 failed_attempts=489
[22:08:59] login
[22:09:01] login done
[22:09:01] iteration 1/20
[22:09:01] film cr_film_id=1554 name='Neporazitelný: Vykoupení (2010) CZ Dabing' candidates=23
[22:09:01]   candidate upload_id=643cd70d6fe79 url=https://prehraj.to/neporazitelny-3-vykoupeni-2010-cz-dabing/643cd70d6fe79
[22:09:02]   resolved in 1.0s → 720p (https://pf-storage3.premiumcdn.net/39485167/9NLTdlFrquEpunpCbXuDEFALTJLIJ5CbLtOa…)
[22:09:42]   downloaded 1,386.4 MB in 38.6s (35.9 MB/s)
[22:10:37]   upload done video_id=24776477 in 54.8s
[22:10:38] film cr_film_id=1554 OK in 97.2s
[22:10:38] iteration 2/20
[22:10:38] film cr_film_id=1558 name='Nepřítel státu (1998) CZ' candidates=4
[22:10:38]   candidate upload_id=68ab77481a6e0 url=https://prehraj.to/nepritel-statu-1998-fhd-1080p-cz-246/68ab77481a6e0
[22:10:39]   resolved in 1.0s → 720p (https://pf-storage4.premiumcdn.net/144448332/g7qfApiAmF7dhD6IN4fe4iarsPOsO7Uw0FA…)
[22:11:49]   downloaded 2,492.1 MB in 68.2s (36.5 MB/s)
[22:13:21]   upload done video_id=24776511 in 92.4s
[22:13:23] film cr_film_id=1558 OK in 164.4s
[22:13:23] iteration 3/20
[22:13:23] film cr_film_id=1562 name='Dickensovské Vánoce (2021) CZ Dabing' candidates=5
[22:13:23]   candidate upload_id=68fbc29343cf8 url=https://prehraj.to/dickensovske-vanoce-2021-cz-dab-1080p/68fbc29343cf8
[22:13:24]   resolved in 1.2s → 1080p (https://pf-storage5.premiumcdn.net/153242793/ydWfpZhJ3tbPI48Io4UkxhKLsM9UL1CGVTr…)
[22:14:23]   downloaded 1,928.3 MB in 58.2s (33.1 MB/s)
[22:15:46]   upload done video_id=24776542 in 82.8s
[22:15:47] film cr_film_id=1562 OK in 144.6s
[22:15:47] iteration 4/20
[22:15:47] film cr_film_id=1570 name='Božská relikvie 2 (1991) CZ Dabing' candidates=7
[22:15:47]   candidate upload_id=56f8e4f3131c6 url=https://prehraj.to/bozska-relikvie-2-cz-dabing-akcni-dobrodruzny-hong-kong-1991/56f8e4f3131c6
[22:15:48]   resolved in 1.2s → 480p (https://pf-storage4.premiumcdn.net/22457/3GptWZI8XHwohdlckoUZaIwJSmxSprf50CQbf2R…)
[22:16:20]   downloaded 1,069.2 MB in 30.2s (35.4 MB/s)
[22:17:00]   upload done video_id=24776574 in 40.3s
